Main2.hx:3: characters 2-18 : Invalid number of type parameters for A