Main1.hx:3: characters 2-23 : Invalid number of type parameters for A