<list>
<pos>$$normPath(::cwd::/Main.hx):5: characters 16-26</pos>
<pos>$$normPath(::cwd::/Main.hx):9: characters 8-18</pos>
</list>
