DefaultValue.hx:2: characters 4-55 : Rest argument cannot have default value
