NonExtern.hx:2: characters 11-57 : Rest argument are only supported for extern methods
