NotLast.hx:2: characters 4-58 : Rest should only be used for the last function argument
