Optional.hx:2: characters 4-49 : Rest argument cannot be optional
