<list>
<pos>$$normPath(::cwd::/Main.hx):2: lines 2-5</pos>
</list>
