<list>
<pos>$$normPath(::cwd::/Main.hx):6: characters 8-24</pos>
</list>
