<list>
<i n="A"><t></t><d></d></i>
<i n="B"><t></t><d></d></i>
</list>