<list>
<i n="A"><t></t><d></d></i>
<i n="C"><t></t><d></d></i>
</list>