<list>
<i n="pubV"><t>Int</t><d></d></i>
<i n="pubM"><t>Void -&gt; Void</t><d></d></i>
</list>
