<list>
<i n="MyModule"><t></t><d></d></i>
<i n="OtherType"><t></t><d></d></i>
</list>
